src/app/page.tsx(4,46): error TS2305: Module '"lucide-react"' has no exported member 'Instagram'.
